// Jest Snapshot v1, https://goo.gl/fbAQLP

exports[`should render edit expense 1`] = `
<div>
  <div
    className="page-form_padding"
  >
    <div
      className="edit-form-container"
    >
      <[object Object]
        width="75%"
      >
        <ExpenseForm
          expense={
            Object {
              "amount": "5067000",
              "createdAt": -345600000,
              "description": "item 2",
              "id": "2",
              "note": "",
            }
          }
          onSubmit={[Function]}
        />
        <div
          className="button_group"
        >
          <[object Object]
            aria-label="cancel"
            color="primary"
            onClick={[Function]}
            variant="extended"
          >
            Cancel
          </[object Object]>
          <[object Object]
            aria-label="remove"
            color="secondary"
            onClick={[Function]}
            variant="extended"
          >
            Remove
          </[object Object]>
        </div>
      </[object Object]>
    </div>
  </div>
</div>
`;
