// Jest Snapshot v1, https://goo.gl/fbAQLP

exports[`should render edit expense 1`] = `
<div>
  <div
    className="page-header"
  >
    <div
      className="content-container"
    >
      <h2
        className="page-header__title"
      >
        Edit Expense
      </h2>
    </div>
  </div>
  <div
    className="content-container"
  >
    <div
      className="edit-form-container"
    >
      <ExpenseForm
        expense={
          Object {
            "amount": "5067000",
            "createdAt": -345600000,
            "description": "item 2",
            "id": "2",
            "note": "",
          }
        }
        onSubmit={[Function]}
      />
      <button
        className="button-sytle__secondary"
        onClick={[Function]}
      >
        Remove
      </button>
    </div>
  </div>
</div>
`;
