// Jest Snapshot v1, https://goo.gl/fbAQLP

exports[`should return ListItem 1`] = `
<[object Object]>
  <Hidden
    smDown={true}
  >
    <[object Object]
      align="center"
      size="medium"
      variant="body"
    >
      item 2
    </[object Object]>
    <[object Object]
      align="center"
      size="medium"
      variant="body"
    >
      28th Dec, 1969
    </[object Object]>
    <[object Object]
      align="center"
      size="medium"
      variant="body"
    >
      $50,670.00
    </[object Object]>
    <[object Object]
      align="center"
      size="medium"
      variant="body"
    >
      <div
        className="makeStyles-div-3"
      >
        <[object Object]
          aria-label="edit"
          className="makeStyles-fab-4"
          color="primary"
          onClick={[Function]}
          size="small"
        >
          <pure(Edit)
            className="makeStyles-icon-2"
          />
        </[object Object]>
        <[object Object]
          aria-label="delete"
          className="makeStyles-fab-4"
          color="secondary"
          size="small"
        >
          <pure(DeleteForever)
            className="makeStyles-icon-2"
          />
        </[object Object]>
        <Connect(DeleteModal)
          description="item 2"
          removeExpense={[Function]}
        />
      </div>
    </[object Object]>
  </Hidden>
  <Hidden
    mdUp={true}
  >
    <[object Object]>
      <div
        className="makeStyles-list_item-6"
      >
        <div>
          <div>
            <h3
              className="list-item__title"
            >
              item 2
            </h3>
            <span
              className="list-item__sub-title"
            >
              28th Dec, 1969
            </span>
          </div>
          <h4
            className="list-item__data"
          >
            $50,670.00
             
          </h4>
        </div>
        <div
          className="makeStyles-div-3"
        >
          <[object Object]
            aria-label="edit"
            className="makeStyles-fab-4"
            color="primary"
            size="small"
          >
            <[object Object]
              className="makeStyles-item_link-5"
              to="/edit/2"
            >
               
              <pure(Edit)
                className="makeStyles-icon-2"
              />
            </[object Object]>
          </[object Object]>
          <[object Object]
            aria-label="delete"
            className="makeStyles-fab-4"
            color="secondary"
            size="small"
          >
            <pure(DeleteForever)
              className="makeStyles-icon-2"
            />
          </[object Object]>
          <Connect(DeleteModal)
            description="item 2"
            removeExpense={[Function]}
          />
        </div>
      </div>
    </[object Object]>
  </Hidden>
</[object Object]>
`;
