// Jest Snapshot v1, https://goo.gl/fbAQLP

exports[`should render login page 1`] = `
<div>
  <div
    className="makeStyles-pageHeader-3"
    style={
      Object {
        "backgroundImage": "url(/images/bg.jpg)",
        "backgroundPosition": "top center",
        "backgroundSize": "cover",
      }
    }
  >
    <div
      className="makeStyles-container-1"
    >
      <GridContainer
        className=""
        justify="center"
      >
        <GridItem
          className=""
          md={4}
          sm={12}
          xs={12}
        >
          <Card
            className="makeStyles-cardHidden-2"
          >
            <form
              className="makeStyles-form-4"
            >
              <CardHeader
                className="makeStyles-cardHeader-5"
                color="primary"
              >
                <h4
                  className="makeStyles-loginHeading-11"
                >
                  Login
                </h4>
              </CardHeader>
              <CardBody>
                <CustomInput
                  formControlProps={
                    Object {
                      "fullWidth": true,
                    }
                  }
                  id="first"
                  inputProps={
                    Object {
                      "endAdornment": <Unknown
                        position="end"
                    >
                        <pure(People)
                            className="makeStyles-inputIconsColor-10"
                        />
                    </Unknown>,
                      "type": "text",
                    }
                  }
                  labelText="Username"
                  value="Joanna567"
                />
                <CustomInput
                  formControlProps={
                    Object {
                      "fullWidth": true,
                    }
                  }
                  id="pass"
                  inputProps={
                    Object {
                      "autoComplete": "off",
                      "endAdornment": <Unknown
                        position="end"
                    >
                        <Unknown
                            className="makeStyles-inputIconsColor-10"
                        >
                            lock_outline
                        </Unknown>
                    </Unknown>,
                      "type": "password",
                    }
                  }
                  labelText="Password"
                  value="abcefg"
                />
              </CardBody>
              <CardFooter
                className="makeStyles-cardFooter-8"
              >
                <[object Object]
                  className="makeStyles-loginButton-12"
                  color="primary"
                  onClick={[Function]}
                  simple={true}
                  size="lg"
                >
                  ENTER
                </[object Object]>
              </CardFooter>
            </form>
          </Card>
        </GridItem>
      </GridContainer>
    </div>
    <Footer
      whiteFont={true}
    />
  </div>
</div>
`;
